INFO:     Started server process [25060]
INFO:     Waiting for application startup.
2026-03-29 23:58:39 | INFO     | pipa.workers.scheduler | Registered 4 scheduled jobs: ['county_refresh', 'listing_monitor', 'alert_evaluator', 'source_health_check']
2026-03-29 23:58:39 | INFO     | pipa.workers.scheduler | Background scheduler started (PID=25060)
INFO:     Application startup complete.
INFO:     Uvicorn running on http://127.0.0.1:8000 (Press CTRL+C to quit)
INFO:     127.0.0.1:56178 - "GET /health HTTP/1.1" 200 OK
INFO:     127.0.0.1:59280 - "GET /api/v1/properties/30848632-7d5a-4b21-b4a0-38d12f40a803 HTTP/1.1" 200 OK
INFO:     127.0.0.1:59282 - "GET /api/v1/watchlist HTTP/1.1" 200 OK
INFO:     127.0.0.1:59283 - "GET /api/v1/properties/30848632-7d5a-4b21-b4a0-38d12f40a803/pipeline/runs?limit=10 HTTP/1.1" 200 OK
INFO:     127.0.0.1:59284 - "GET /api/v1/properties/30848632-7d5a-4b21-b4a0-38d12f40a803/listing-data HTTP/1.1" 200 OK
INFO:     127.0.0.1:56082 - "GET /api/v1/properties/30848632-7d5a-4b21-b4a0-38d12f40a803/analysis-results HTTP/1.1" 200 OK
INFO:     127.0.0.1:58924 - "GET /api/v1/properties/30848632-7d5a-4b21-b4a0-38d12f40a803/decision HTTP/1.1" 404 Not Found
INFO:     127.0.0.1:53626 - "GET /api/v1/properties/30848632-7d5a-4b21-b4a0-38d12f40a803/decision/packet HTTP/1.1" 200 OK
INFO:     127.0.0.1:49752 - "GET /api/v1/properties/30848632-7d5a-4b21-b4a0-38d12f40a803/freshness HTTP/1.1" 200 OK
INFO:     127.0.0.1:55883 - "GET /api/v1/properties/30848632-7d5a-4b21-b4a0-38d12f40a803/freshness HTTP/1.1" 200 OK
INFO:     127.0.0.1:62314 - "GET /api/v1/properties/30848632-7d5a-4b21-b4a0-38d12f40a803/comps HTTP/1.1" 200 OK
INFO:     127.0.0.1:53725 - "GET /api/v1/properties/30848632-7d5a-4b21-b4a0-38d12f40a803/analysis-results HTTP/1.1" 200 OK
INFO:     127.0.0.1:54804 - "GET /api/v1/properties/30848632-7d5a-4b21-b4a0-38d12f40a803/analysis-results HTTP/1.1" 200 OK
INFO:     127.0.0.1:58959 - "GET /api/v1/properties/30848632-7d5a-4b21-b4a0-38d12f40a803/county HTTP/1.1" 200 OK
2026-03-30 00:00:24 | INFO     | pipa.services.comp_service | Deep comp candidates: 0 sold (ranked), 0 active, 0 pending
INFO:     127.0.0.1:57421 - "POST /api/v1/properties/30848632-7d5a-4b21-b4a0-38d12f40a803/comps/deep HTTP/1.1" 200 OK
2026-03-30 00:00:26 | INFO     | pipa.services.county_service | County refresh for 30848632-7d5a-4b21-b4a0-38d12f40a803: 0 assessments, 0 permits, 0 deeds
INFO:     127.0.0.1:62898 - "POST /api/v1/properties/30848632-7d5a-4b21-b4a0-38d12f40a803/county/refresh HTTP/1.1" 200 OK
INFO:     127.0.0.1:54044 - "GET /api/v1/properties/30848632-7d5a-4b21-b4a0-38d12f40a803/county HTTP/1.1" 200 OK
INFO:     127.0.0.1:65047 - "GET /api/v1/properties/30848632-7d5a-4b21-b4a0-38d12f40a803/pipeline/runs?limit=5 HTTP/1.1" 200 OK
INFO:     127.0.0.1:54287 - "GET /api/v1/properties/30848632-7d5a-4b21-b4a0-38d12f40a803/pipeline/runs?limit=5 HTTP/1.1" 200 OK
INFO:     127.0.0.1:58563 - "GET /api/v1/properties/30848632-7d5a-4b21-b4a0-38d12f40a803/notes HTTP/1.1" 200 OK
2026-03-30 00:01:11 | INFO     | pipa.services.pipeline_orchestrator | Loading Zillow data from DB for property 30848632-7d5a-4b21-b4a0-38d12f40a803
2026-03-30 00:01:11 | INFO     | pipa.services.pipeline_orchestrator | Loaded 53 fields from ListingPageSnapshot
2026-03-30 00:01:11 | INFO     | pipa.services.pipeline_orchestrator | Zillow scrape task: 53 fields available
2026-03-30 00:01:11 | INFO     | pipa.services.pipeline_orchestrator | Loading county data from DB for property 30848632-7d5a-4b21-b4a0-38d12f40a803
2026-03-30 00:01:11 | INFO     | pipa.services.pipeline_orchestrator | No stored county data found
2026-03-30 00:01:11 | INFO     | pipa.services.pipeline_orchestrator | County scrape task: 0 fields available
2026-03-30 00:01:15 | INFO     | pipa.services.pipeline_orchestrator | Resolver: year_built=2019, price=1367000, sqft=6045, beds=None, components=['component_roof_year', 'component_hvac_year', 'component_water_heater_year', 'component_electrical_panel_year', 'component_windows_year']
INFO:     127.0.0.1:62804 - "POST /api/v1/watchlist HTTP/1.1" 500 Internal Server Error
ERROR:    Exception in ASGI application
Traceback (most recent call last):
  File "C:\Users\venka\AppData\Roaming\Python\Python313\site-packages\sqlalchemy\engine\base.py", line 1967, in _exec_single_context
    self.dialect.do_execute(
    ~~~~~~~~~~~~~~~~~~~~~~~^
        cursor, str_statement, effective_parameters, context
        ^^^^^^^^^^^^^^^^^^^^^^^^^^^^^^^^^^^^^^^^^^^^^^^^^^^^
    )
    ^
  File "C:\Users\venka\AppData\Roaming\Python\Python313\site-packages\sqlalchemy\engine\default.py", line 951, in do_execute
    cursor.execute(statement, parameters)
    ~~~~~~~~~~~~~~^^^^^^^^^^^^^^^^^^^^^^^
  File "C:\Users\venka\AppData\Roaming\Python\Python313\site-packages\sqlalchemy\dialects\sqlite\aiosqlite.py", line 177, in execute
    self._adapt_connection._handle_exception(error)
    ~~~~~~~~~~~~~~~~~~~~~~~~~~~~~~~~~~~~~~~~^^^^^^^
  File "C:\Users\venka\AppData\Roaming\Python\Python313\site-packages\sqlalchemy\dialects\sqlite\aiosqlite.py", line 337, in _handle_exception
    raise error
  File "C:\Users\venka\AppData\Roaming\Python\Python313\site-packages\sqlalchemy\dialects\sqlite\aiosqlite.py", line 159, in execute
    self.await_(_cursor.execute(operation, parameters))
    ~~~~~~~~~~~^^^^^^^^^^^^^^^^^^^^^^^^^^^^^^^^^^^^^^^^
  File "C:\Users\venka\AppData\Roaming\Python\Python313\site-packages\sqlalchemy\util\_concurrency_py3k.py", line 132, in await_only
    return current.parent.switch(awaitable)  # type: ignore[no-any-return,attr-defined] # noqa: E501
           ~~~~~~~~~~~~~~~~~~~~~^^^^^^^^^^^
  File "C:\Users\venka\AppData\Roaming\Python\Python313\site-packages\sqlalchemy\util\_concurrency_py3k.py", line 196, in greenlet_spawn
    value = await result
            ^^^^^^^^^^^^
  File "C:\Users\venka\AppData\Roaming\Python\Python313\site-packages\aiosqlite\cursor.py", line 40, in execute
    await self._execute(self._cursor.execute, sql, parameters)
  File "C:\Users\venka\AppData\Roaming\Python\Python313\site-packages\aiosqlite\cursor.py", line 32, in _execute
    return await self._conn._execute(fn, *args, **kwargs)
           ^^^^^^^^^^^^^^^^^^^^^^^^^^^^^^^^^^^^^^^^^^^^^^
  File "C:\Users\venka\AppData\Roaming\Python\Python313\site-packages\aiosqlite\core.py", line 160, in _execute
    return await future
           ^^^^^^^^^^^^
  File "C:\Users\venka\AppData\Roaming\Python\Python313\site-packages\aiosqlite\core.py", line 63, in _connection_worker_thread
    result = function()
sqlite3.OperationalError: database is locked

The above exception was the direct cause of the following exception:

Traceback (most recent call last):
  File "C:\Users\venka\AppData\Roaming\Python\Python313\site-packages\uvicorn\protocols\http\httptools_impl.py", line 416, in run_asgi
    result = await app(  # type: ignore[func-returns-value]
             ^^^^^^^^^^^^^^^^^^^^^^^^^^^^^^^^^^^^^^^^^^^^^^
        self.scope, self.receive, self.send
        ^^^^^^^^^^^^^^^^^^^^^^^^^^^^^^^^^^^
    )
    ^
  File "C:\Users\venka\AppData\Roaming\Python\Python313\site-packages\uvicorn\middleware\proxy_headers.py", line 60, in __call__
    return await self.app(scope, receive, send)
           ^^^^^^^^^^^^^^^^^^^^^^^^^^^^^^^^^^^^
  File "C:\Users\venka\AppData\Roaming\Python\Python313\site-packages\fastapi\applications.py", line 1159, in __call__
    await super().__call__(scope, receive, send)
  File "C:\Users\venka\AppData\Roaming\Python\Python313\site-packages\starlette\applications.py", line 90, in __call__
    await self.middleware_stack(scope, receive, send)
  File "C:\Users\venka\AppData\Roaming\Python\Python313\site-packages\starlette\middleware\errors.py", line 186, in __call__
    raise exc
  File "C:\Users\venka\AppData\Roaming\Python\Python313\site-packages\starlette\middleware\errors.py", line 164, in __call__
    await self.app(scope, receive, _send)
  File "C:\Users\venka\AppData\Roaming\Python\Python313\site-packages\starlette\middleware\cors.py", line 96, in __call__
    await self.simple_response(scope, receive, send, request_headers=headers)
  File "C:\Users\venka\AppData\Roaming\Python\Python313\site-packages\starlette\middleware\cors.py", line 154, in simple_response
    await self.app(scope, receive, send)
  File "C:\Users\venka\AppData\Roaming\Python\Python313\site-packages\starlette\middleware\exceptions.py", line 63, in __call__
    await wrap_app_handling_exceptions(self.app, conn)(scope, receive, send)
  File "C:\Users\venka\AppData\Roaming\Python\Python313\site-packages\starlette\_exception_handler.py", line 53, in wrapped_app
    raise exc
  File "C:\Users\venka\AppData\Roaming\Python\Python313\site-packages\starlette\_exception_handler.py", line 42, in wrapped_app
    await app(scope, receive, sender)
  File "C:\Users\venka\AppData\Roaming\Python\Python313\site-packages\fastapi\middleware\asyncexitstack.py", line 18, in __call__
    await self.app(scope, receive, send)
  File "C:\Users\venka\AppData\Roaming\Python\Python313\site-packages\starlette\routing.py", line 660, in __call__
    await self.middleware_stack(scope, receive, send)
  File "C:\Users\venka\AppData\Roaming\Python\Python313\site-packages\starlette\routing.py", line 680, in app
    await route.handle(scope, receive, send)
  File "C:\Users\venka\AppData\Roaming\Python\Python313\site-packages\starlette\routing.py", line 276, in handle
    await self.app(scope, receive, send)
  File "C:\Users\venka\AppData\Roaming\Python\Python313\site-packages\fastapi\routing.py", line 134, in app
    await wrap_app_handling_exceptions(app, request)(scope, receive, send)
  File "C:\Users\venka\AppData\Roaming\Python\Python313\site-packages\starlette\_exception_handler.py", line 53, in wrapped_app
    raise exc
  File "C:\Users\venka\AppData\Roaming\Python\Python313\site-packages\starlette\_exception_handler.py", line 42, in wrapped_app
    await app(scope, receive, sender)
  File "C:\Users\venka\AppData\Roaming\Python\Python313\site-packages\fastapi\routing.py", line 120, in app
    response = await f(request)
               ^^^^^^^^^^^^^^^^
  File "C:\Users\venka\AppData\Roaming\Python\Python313\site-packages\fastapi\routing.py", line 674, in app
    raw_response = await run_endpoint_function(
                   ^^^^^^^^^^^^^^^^^^^^^^^^^^^^
    ...<3 lines>...
    )
    ^
  File "C:\Users\venka\AppData\Roaming\Python\Python313\site-packages\fastapi\routing.py", line 328, in run_endpoint_function
    return await dependant.call(**values)
           ^^^^^^^^^^^^^^^^^^^^^^^^^^^^^^
  File "E:\Programming\claude_workspace\PropertyAnalysis\src\pipa\api\v1\watchlist.py", line 53, in add_to_watchlist
    await db.flush()
  File "C:\Users\venka\AppData\Roaming\Python\Python313\site-packages\sqlalchemy\ext\asyncio\session.py", line 801, in flush
    await greenlet_spawn(self.sync_session.flush, objects=objects)
  File "C:\Users\venka\AppData\Roaming\Python\Python313\site-packages\sqlalchemy\util\_concurrency_py3k.py", line 203, in greenlet_spawn
    result = context.switch(value)
  File "C:\Users\venka\AppData\Roaming\Python\Python313\site-packages\sqlalchemy\orm\session.py", line 4345, in flush
    self._flush(objects)
    ~~~~~~~~~~~^^^^^^^^^
  File "C:\Users\venka\AppData\Roaming\Python\Python313\site-packages\sqlalchemy\orm\session.py", line 4480, in _flush
    with util.safe_reraise():
         ~~~~~~~~~~~~~~~~~^^
  File "C:\Users\venka\AppData\Roaming\Python\Python313\site-packages\sqlalchemy\util\langhelpers.py", line 224, in __exit__
    raise exc_value.with_traceback(exc_tb)
  File "C:\Users\venka\AppData\Roaming\Python\Python313\site-packages\sqlalchemy\orm\session.py", line 4441, in _flush
    flush_context.execute()
    ~~~~~~~~~~~~~~~~~~~~~^^
  File "C:\Users\venka\AppData\Roaming\Python\Python313\site-packages\sqlalchemy\orm\unitofwork.py", line 466, in execute
    rec.execute(self)
    ~~~~~~~~~~~^^^^^^
  File "C:\Users\venka\AppData\Roaming\Python\Python313\site-packages\sqlalchemy\orm\unitofwork.py", line 642, in execute
    util.preloaded.orm_persistence.save_obj(
    ~~~~~~~~~~~~~~~~~~~~~~~~~~~~~~~~~~~~~~~^
        self.mapper,
        ^^^^^^^^^^^^
        uow.states_for_mapper_hierarchy(self.mapper, False, False),
        ^^^^^^^^^^^^^^^^^^^^^^^^^^^^^^^^^^^^^^^^^^^^^^^^^^^^^^^^^^^
        uow,
        ^^^^
    )
    ^
  File "C:\Users\venka\AppData\Roaming\Python\Python313\site-packages\sqlalchemy\orm\persistence.py", line 93, in save_obj
    _emit_insert_statements(
    ~~~~~~~~~~~~~~~~~~~~~~~^
        base_mapper,
        ^^^^^^^^^^^^
    ...<3 lines>...
        insert,
        ^^^^^^^
    )
    ^
  File "C:\Users\venka\AppData\Roaming\Python\Python313\site-packages\sqlalchemy\orm\persistence.py", line 1233, in _emit_insert_statements
    result = connection.execute(
        statement,
        params,
        execution_options=execution_options,
    )
  File "C:\Users\venka\AppData\Roaming\Python\Python313\site-packages\sqlalchemy\engine\base.py", line 1419, in execute
    return meth(
        self,
        distilled_parameters,
        execution_options or NO_OPTIONS,
    )
  File "C:\Users\venka\AppData\Roaming\Python\Python313\site-packages\sqlalchemy\sql\elements.py", line 526, in _execute_on_connection
    return connection._execute_clauseelement(
           ~~~~~~~~~~~~~~~~~~~~~~~~~~~~~~~~~^
        self, distilled_params, execution_options
        ^^^^^^^^^^^^^^^^^^^^^^^^^^^^^^^^^^^^^^^^^
    )
    ^
  File "C:\Users\venka\AppData\Roaming\Python\Python313\site-packages\sqlalchemy\engine\base.py", line 1641, in _execute_clauseelement
    ret = self._execute_context(
        dialect,
    ...<8 lines>...
        cache_hit=cache_hit,
    )
  File "C:\Users\venka\AppData\Roaming\Python\Python313\site-packages\sqlalchemy\engine\base.py", line 1846, in _execute_context
    return self._exec_single_context(
           ~~~~~~~~~~~~~~~~~~~~~~~~~^
        dialect, context, statement, parameters
        ^^^^^^^^^^^^^^^^^^^^^^^^^^^^^^^^^^^^^^^
    )
    ^
  File "C:\Users\venka\AppData\Roaming\Python\Python313\site-packages\sqlalchemy\engine\base.py", line 1986, in _exec_single_context
    self._handle_dbapi_exception(
    ~~~~~~~~~~~~~~~~~~~~~~~~~~~~^
        e, str_statement, effective_parameters, cursor, context
        ^^^^^^^^^^^^^^^^^^^^^^^^^^^^^^^^^^^^^^^^^^^^^^^^^^^^^^^
    )
    ^
  File "C:\Users\venka\AppData\Roaming\Python\Python313\site-packages\sqlalchemy\engine\base.py", line 2355, in _handle_dbapi_exception
    raise sqlalchemy_exception.with_traceback(exc_info[2]) from e
  File "C:\Users\venka\AppData\Roaming\Python\Python313\site-packages\sqlalchemy\engine\base.py", line 1967, in _exec_single_context
    self.dialect.do_execute(
    ~~~~~~~~~~~~~~~~~~~~~~~^
        cursor, str_statement, effective_parameters, context
        ^^^^^^^^^^^^^^^^^^^^^^^^^^^^^^^^^^^^^^^^^^^^^^^^^^^^
    )
    ^
  File "C:\Users\venka\AppData\Roaming\Python\Python313\site-packages\sqlalchemy\engine\default.py", line 951, in do_execute
    cursor.execute(statement, parameters)
    ~~~~~~~~~~~~~~^^^^^^^^^^^^^^^^^^^^^^^
  File "C:\Users\venka\AppData\Roaming\Python\Python313\site-packages\sqlalchemy\dialects\sqlite\aiosqlite.py", line 177, in execute
    self._adapt_connection._handle_exception(error)
    ~~~~~~~~~~~~~~~~~~~~~~~~~~~~~~~~~~~~~~~~^^^^^^^
  File "C:\Users\venka\AppData\Roaming\Python\Python313\site-packages\sqlalchemy\dialects\sqlite\aiosqlite.py", line 337, in _handle_exception
    raise error
  File "C:\Users\venka\AppData\Roaming\Python\Python313\site-packages\sqlalchemy\dialects\sqlite\aiosqlite.py", line 159, in execute
    self.await_(_cursor.execute(operation, parameters))
    ~~~~~~~~~~~^^^^^^^^^^^^^^^^^^^^^^^^^^^^^^^^^^^^^^^^
  File "C:\Users\venka\AppData\Roaming\Python\Python313\site-packages\sqlalchemy\util\_concurrency_py3k.py", line 132, in await_only
    return current.parent.switch(awaitable)  # type: ignore[no-any-return,attr-defined] # noqa: E501
           ~~~~~~~~~~~~~~~~~~~~~^^^^^^^^^^^
  File "C:\Users\venka\AppData\Roaming\Python\Python313\site-packages\sqlalchemy\util\_concurrency_py3k.py", line 196, in greenlet_spawn
    value = await result
            ^^^^^^^^^^^^
  File "C:\Users\venka\AppData\Roaming\Python\Python313\site-packages\aiosqlite\cursor.py", line 40, in execute
    await self._execute(self._cursor.execute, sql, parameters)
  File "C:\Users\venka\AppData\Roaming\Python\Python313\site-packages\aiosqlite\cursor.py", line 32, in _execute
    return await self._conn._execute(fn, *args, **kwargs)
           ^^^^^^^^^^^^^^^^^^^^^^^^^^^^^^^^^^^^^^^^^^^^^^
  File "C:\Users\venka\AppData\Roaming\Python\Python313\site-packages\aiosqlite\core.py", line 160, in _execute
    return await future
           ^^^^^^^^^^^^
  File "C:\Users\venka\AppData\Roaming\Python\Python313\site-packages\aiosqlite\core.py", line 63, in _connection_worker_thread
    result = function()
sqlalchemy.exc.OperationalError: (sqlite3.OperationalError) database is locked
[SQL: INSERT INTO watchlist_entry (user_id, property_id, stage, priority, added_at, stage_changed_at, id, created_at, updated_at) VALUES (?, ?, ?, ?, ?, ?, ?, ?, ?)]
[parameters: ('default-user', '30848632-7d5a-4b21-b4a0-38d12f40a803', 'touring', 0, '2026-03-30 04:01:21.664107', None, 'f434d34d-1635-463c-8411-a80530a9576d', '2026-03-30 04:01:21.664140', '2026-03-30 04:01:21.664143')]
(Background on this error at: https://sqlalche.me/e/20/e3q8)
INFO:     127.0.0.1:64397 - "GET /api/v1/properties/30848632-7d5a-4b21-b4a0-38d12f40a803/freshness HTTP/1.1" 200 OK
INFO:     127.0.0.1:58395 - "GET /api/v1/properties/30848632-7d5a-4b21-b4a0-38d12f40a803 HTTP/1.1" 200 OK
INFO:     127.0.0.1:58396 - "GET /api/v1/watchlist HTTP/1.1" 200 OK
INFO:     127.0.0.1:58397 - "GET /api/v1/properties/30848632-7d5a-4b21-b4a0-38d12f40a803/pipeline/runs?limit=10 HTTP/1.1" 200 OK
INFO:     127.0.0.1:60752 - "GET /api/v1/properties/30848632-7d5a-4b21-b4a0-38d12f40a803/listing-data HTTP/1.1" 200 OK
INFO:     127.0.0.1:56372 - "GET /api/v1/properties/30848632-7d5a-4b21-b4a0-38d12f40a803/analysis-results HTTP/1.1" 200 OK
INFO:     127.0.0.1:62683 - "GET /api/v1/properties/30848632-7d5a-4b21-b4a0-38d12f40a803/decision HTTP/1.1" 404 Not Found
INFO:     127.0.0.1:52088 - "GET /api/v1/properties/30848632-7d5a-4b21-b4a0-38d12f40a803/decision/packet HTTP/1.1" 200 OK
INFO:     127.0.0.1:53954 - "GET /api/v1/properties/30848632-7d5a-4b21-b4a0-38d12f40a803/freshness HTTP/1.1" 200 OK
