   ▲ Next.js 15.5.14
   - Local:        http://localhost:3000
   - Network:      http://10.5.0.2:3000

 ✓ Starting...
 ✓ Ready in 3.1s
 ○ Compiling / ...
 ✓ Compiled / in 1427ms (535 modules)
 GET / 200 in 2124ms
 ○ Compiling /properties ...
 ✓ Compiled /properties in 1698ms (556 modules)
 GET / 200 in 1323ms
 GET /properties 200 in 2346ms
 ○ Compiling /properties/[id] ...
 ✓ Compiled /properties/[id] in 1311ms (563 modules)
 GET /properties/30848632-7d5a-4b21-b4a0-38d12f40a803 200 in 3042ms
 GET / 200 in 121ms
 GET / 200 in 79ms
 GET / 200 in 73ms
 GET / 200 in 84ms
 GET / 200 in 72ms
 GET / 200 in 70ms
 GET / 200 in 82ms
 ✓ Compiled in 758ms (577 modules)
 GET /properties/30848632-7d5a-4b21-b4a0-38d12f40a803 200 in 272ms
 GET / 200 in 233ms
 GET / 200 in 73ms
 ✓ Compiled in 1024ms (577 modules)
 GET /properties/30848632-7d5a-4b21-b4a0-38d12f40a803 200 in 246ms
 GET / 200 in 205ms
 ✓ Compiled in 733ms (577 modules)
 GET /properties/30848632-7d5a-4b21-b4a0-38d12f40a803 200 in 215ms
 GET / 200 in 216ms
 GET / 200 in 70ms
 ✓ Compiled in 1327ms (577 modules)
 GET /properties/30848632-7d5a-4b21-b4a0-38d12f40a803 200 in 300ms
 ✓ Compiled in 674ms (577 modules)
 GET /properties/30848632-7d5a-4b21-b4a0-38d12f40a803 200 in 221ms
 GET / 200 in 190ms
 ✓ Compiled in 999ms (577 modules)
 GET /properties/30848632-7d5a-4b21-b4a0-38d12f40a803 200 in 162ms
 GET / 200 in 141ms
 ✓ Compiled in 753ms (577 modules)
 GET /properties/30848632-7d5a-4b21-b4a0-38d12f40a803 200 in 317ms
 ✓ Compiled in 833ms (577 modules)
 GET /properties/30848632-7d5a-4b21-b4a0-38d12f40a803 200 in 175ms
 ✓ Compiled in 735ms (577 modules)
 GET /properties/30848632-7d5a-4b21-b4a0-38d12f40a803 200 in 185ms
 GET / 200 in 139ms
 ✓ Compiled in 704ms (577 modules)
 GET /properties/30848632-7d5a-4b21-b4a0-38d12f40a803 200 in 158ms
 ✓ Compiled in 606ms (577 modules)
 GET /properties/30848632-7d5a-4b21-b4a0-38d12f40a803 200 in 179ms
 ✓ Compiled in 765ms (577 modules)
 GET /properties/30848632-7d5a-4b21-b4a0-38d12f40a803 200 in 173ms
 GET / 200 in 145ms
 ✓ Compiled in 710ms (577 modules)
 GET /properties/30848632-7d5a-4b21-b4a0-38d12f40a803 200 in 163ms
 GET / 200 in 159ms
 GET / 200 in 85ms
 GET / 200 in 87ms
 GET / 200 in 64ms
 GET /properties/30848632-7d5a-4b21-b4a0-38d12f40a803 200 in 147ms
 GET / 200 in 66ms
 GET / 200 in 74ms
 GET / 200 in 76ms
 GET / 200 in 84ms
 GET / 200 in 79ms
 GET / 200 in 76ms
 GET / 200 in 107ms
 GET / 200 in 68ms
 GET / 200 in 70ms
 GET / 200 in 67ms
 GET / 200 in 74ms
 GET / 200 in 68ms
 GET / 200 in 109ms
 GET / 200 in 71ms
 GET / 200 in 68ms
 GET / 200 in 68ms
 GET / 200 in 69ms
 GET / 200 in 72ms
 GET / 200 in 68ms
 GET /properties/30848632-7d5a-4b21-b4a0-38d12f40a803 200 in 142ms
 GET / 200 in 73ms
 GET / 200 in 78ms
 GET / 200 in 72ms
 GET / 200 in 72ms
 GET / 200 in 72ms
 GET / 200 in 69ms
 ✓ Compiled in 798ms (577 modules)
 GET /properties/30848632-7d5a-4b21-b4a0-38d12f40a803 200 in 215ms
 GET / 200 in 199ms
 ✓ Compiled in 829ms (577 modules)
 GET /properties/30848632-7d5a-4b21-b4a0-38d12f40a803 200 in 210ms
 ✓ Compiled in 1180ms (577 modules)
 GET / 200 in 1149ms
 GET /properties/30848632-7d5a-4b21-b4a0-38d12f40a803 200 in 116ms
 GET / 200 in 78ms
 ✓ Compiled in 920ms (577 modules)
 GET /properties/30848632-7d5a-4b21-b4a0-38d12f40a803 200 in 172ms
 GET / 200 in 157ms
 GET / 200 in 65ms
 GET / 200 in 70ms
 GET / 200 in 66ms
 GET / 200 in 65ms
 GET / 200 in 69ms
 GET / 200 in 72ms
 GET / 200 in 68ms
 GET / 200 in 69ms
 GET / 200 in 66ms
 GET / 200 in 65ms
 GET / 200 in 65ms
 GET / 200 in 64ms
 GET / 200 in 63ms
 GET / 200 in 64ms
 GET / 200 in 66ms
 GET / 200 in 67ms
 GET / 200 in 65ms
 GET / 200 in 66ms
 GET / 200 in 73ms
 GET / 200 in 73ms
 GET / 200 in 69ms
 GET / 200 in 69ms
 GET / 200 in 70ms
 GET / 200 in 66ms
 GET / 200 in 84ms
 GET / 200 in 67ms
 GET / 200 in 111ms
 GET / 200 in 76ms
 GET / 200 in 69ms
 GET / 200 in 71ms
 GET / 200 in 70ms
 GET / 200 in 71ms
 GET / 200 in 71ms
 GET / 200 in 74ms
 GET / 200 in 75ms
 GET / 200 in 80ms
 GET / 200 in 82ms
 GET / 200 in 79ms
 GET / 200 in 79ms
 GET / 200 in 75ms
 GET / 200 in 76ms
 GET / 200 in 76ms
 GET / 200 in 80ms
 GET / 200 in 76ms
 GET / 200 in 76ms
 GET / 200 in 80ms
 GET / 200 in 76ms
 GET / 200 in 79ms
 GET / 200 in 80ms
 GET / 200 in 84ms
 GET / 200 in 78ms
 GET / 200 in 78ms
 GET / 200 in 80ms
 GET / 200 in 80ms
 GET / 200 in 84ms
 GET / 200 in 83ms
 GET / 200 in 81ms
 GET / 200 in 78ms
 GET / 200 in 76ms
 GET / 200 in 79ms
 GET / 200 in 82ms
 GET / 200 in 78ms
 GET / 200 in 79ms
 GET / 200 in 80ms
 GET / 200 in 81ms
 GET / 200 in 80ms
 GET / 200 in 80ms
 GET / 200 in 82ms
 GET / 200 in 81ms
 GET / 200 in 82ms
 GET / 200 in 81ms
 GET / 200 in 79ms
 GET / 200 in 81ms
 GET / 200 in 79ms
 GET / 200 in 83ms
 GET / 200 in 80ms
 GET / 200 in 81ms
 GET / 200 in 81ms
 GET / 200 in 79ms
 GET / 200 in 77ms
 GET / 200 in 80ms
 GET / 200 in 79ms
 GET / 200 in 81ms
 GET / 200 in 80ms
 GET / 200 in 81ms
 GET / 200 in 80ms
 GET / 200 in 85ms
 GET / 200 in 80ms
 GET / 200 in 84ms
 GET / 200 in 91ms
 GET / 200 in 80ms
 GET / 200 in 86ms
 GET / 200 in 80ms
 GET / 200 in 79ms
 GET / 200 in 81ms
 GET / 200 in 82ms
 GET / 200 in 80ms
 GET / 200 in 82ms
 GET / 200 in 84ms
 GET / 200 in 82ms
 GET / 200 in 86ms
 GET / 200 in 95ms
 GET / 200 in 83ms
 GET / 200 in 66ms
 GET / 200 in 82ms
 GET / 200 in 81ms
 GET / 200 in 87ms
 GET / 200 in 80ms
 GET / 200 in 84ms
 GET / 200 in 133ms
 GET / 200 in 80ms
 GET / 200 in 68ms
 GET / 200 in 68ms
 GET / 200 in 71ms
 GET / 200 in 72ms
 GET / 200 in 76ms
 GET / 200 in 77ms
 GET / 200 in 78ms
 GET / 200 in 77ms
 GET / 200 in 77ms
 GET / 200 in 76ms
 GET / 200 in 76ms
 GET / 200 in 77ms
 GET / 200 in 77ms
 GET / 200 in 76ms
 GET / 200 in 76ms
 GET / 200 in 81ms
 GET / 200 in 75ms
 GET / 200 in 83ms
 GET / 200 in 79ms
 GET / 200 in 82ms
 GET / 200 in 76ms
 GET / 200 in 79ms
 GET / 200 in 75ms
 GET / 200 in 80ms
 GET / 200 in 76ms
 GET / 200 in 76ms
 GET / 200 in 77ms
 GET / 200 in 75ms
 GET / 200 in 77ms
 GET / 200 in 78ms
 GET / 200 in 77ms
 GET / 200 in 84ms
 GET / 200 in 79ms
 GET / 200 in 78ms
 GET / 200 in 79ms
 GET / 200 in 76ms
 GET / 200 in 75ms
 GET / 200 in 79ms
 GET / 200 in 78ms
 GET / 200 in 68ms
 GET / 200 in 68ms
 GET / 200 in 68ms
 GET / 200 in 68ms
 GET / 200 in 68ms
 GET / 200 in 71ms
 GET / 200 in 68ms
 GET / 200 in 68ms
 GET / 200 in 68ms
 GET / 200 in 66ms
 GET / 200 in 67ms
 GET / 200 in 67ms
 GET / 200 in 68ms
 GET / 200 in 66ms
 GET / 200 in 68ms
 GET / 200 in 69ms
 GET / 200 in 70ms
 GET / 200 in 68ms
 GET / 200 in 79ms
 GET / 200 in 70ms
 GET / 200 in 69ms
 GET / 200 in 68ms
 GET / 200 in 70ms
 GET / 200 in 66ms
 GET / 200 in 68ms
 GET / 200 in 67ms
 GET / 200 in 68ms
 GET / 200 in 68ms
 GET / 200 in 64ms
 GET / 200 in 68ms
 GET / 200 in 69ms
 GET / 200 in 74ms
 GET / 200 in 71ms
 GET / 200 in 69ms
 GET / 200 in 74ms
 GET / 200 in 72ms
 GET / 200 in 71ms
 GET / 200 in 72ms
 GET / 200 in 80ms
 GET / 200 in 74ms
 GET / 200 in 78ms
 GET / 200 in 70ms
 GET / 200 in 68ms
 GET / 200 in 68ms
 GET / 200 in 71ms
 GET / 200 in 72ms
 GET / 200 in 74ms
 GET / 200 in 81ms
 GET / 200 in 73ms
 GET / 200 in 75ms
 GET / 200 in 73ms
 GET / 200 in 73ms
 GET / 200 in 75ms
 GET / 200 in 76ms
 GET / 200 in 75ms
 GET / 200 in 77ms
 GET / 200 in 77ms
 GET / 200 in 77ms
 GET / 200 in 74ms
 GET / 200 in 75ms
 GET / 200 in 82ms
 GET / 200 in 76ms
 GET / 200 in 79ms
 GET / 200 in 75ms
 GET / 200 in 74ms
 GET / 200 in 75ms
 GET / 200 in 79ms
 GET / 200 in 75ms
 GET / 200 in 76ms
 GET / 200 in 75ms
 GET / 200 in 75ms
 GET / 200 in 75ms
 GET / 200 in 76ms
 GET / 200 in 76ms
 GET / 200 in 76ms
 GET / 200 in 77ms
 GET / 200 in 76ms
 GET / 200 in 73ms
 GET / 200 in 73ms
 GET / 200 in 76ms
 GET / 200 in 78ms
 GET / 200 in 76ms
 GET / 200 in 70ms
 GET / 200 in 69ms
 GET / 200 in 70ms
 GET / 200 in 70ms
 GET / 200 in 70ms
 GET / 200 in 66ms
 GET / 200 in 79ms
 GET / 200 in 65ms
 GET / 200 in 69ms
 GET / 200 in 65ms
 GET / 200 in 67ms
 GET / 200 in 68ms
 GET / 200 in 68ms
 GET / 200 in 68ms
 GET / 200 in 70ms
 GET / 200 in 94ms
 GET / 200 in 70ms
 GET / 200 in 71ms
 GET / 200 in 71ms
 GET / 200 in 81ms
 GET / 200 in 76ms
 GET / 200 in 74ms
 GET / 200 in 70ms
 GET / 200 in 72ms
 GET / 200 in 68ms
 GET / 200 in 71ms
 GET / 200 in 73ms
 GET / 200 in 70ms
 GET / 200 in 69ms
 GET / 200 in 69ms
 GET / 200 in 67ms
 GET / 200 in 72ms
 GET / 200 in 71ms
 GET / 200 in 77ms
 GET / 200 in 73ms
 GET / 200 in 74ms
 GET / 200 in 70ms
 GET / 200 in 68ms
 GET / 200 in 70ms
 GET / 200 in 68ms
 GET / 200 in 78ms
 GET / 200 in 75ms
 GET / 200 in 76ms
 GET / 200 in 70ms
 GET / 200 in 67ms
 GET / 200 in 66ms
 GET / 200 in 68ms
 GET /properties/30848632-7d5a-4b21-b4a0-38d12f40a803 200 in 186ms
 GET / 200 in 80ms
 GET / 200 in 78ms
 GET / 200 in 86ms
 GET / 200 in 76ms
 GET /properties/30848632-7d5a-4b21-b4a0-38d12f40a803 200 in 127ms
 GET / 200 in 91ms
Failed to proxy http://127.0.0.1:8000/api/v1/properties/30848632-7d5a-4b21-b4a0-38d12f40a803/pipeline/run [Error: socket hang up] { code: 'ECONNRESET' }
[Error: socket hang up] { code: 'ECONNRESET' }
 ○ Compiling /_error ...
 ✓ Compiled /_error in 1156ms (929 modules)
 GET /properties/30848632-7d5a-4b21-b4a0-38d12f40a803 200 in 1210ms
 GET /properties/30848632-7d5a-4b21-b4a0-38d12f40a803 200 in 61ms
 GET /properties/30848632-7d5a-4b21-b4a0-38d12f40a803 200 in 145ms
 GET / 200 in 209ms
 GET / 200 in 77ms
 GET / 200 in 70ms
 GET / 200 in 67ms
 GET / 200 in 63ms
 GET / 200 in 68ms
 GET / 200 in 71ms
 GET / 200 in 71ms
 GET / 200 in 74ms
 GET / 200 in 81ms
 GET / 200 in 104ms
 GET / 200 in 74ms
 GET / 200 in 73ms
 GET / 200 in 75ms
 GET / 200 in 72ms
 GET / 200 in 76ms
 GET / 200 in 82ms
 GET / 200 in 76ms
 GET / 200 in 74ms
 GET / 200 in 74ms
 GET / 200 in 77ms
 GET / 200 in 73ms
 GET / 200 in 75ms
 GET / 200 in 89ms
 GET / 200 in 83ms
 GET / 200 in 70ms
 GET / 200 in 76ms
 GET / 200 in 77ms
 GET / 200 in 73ms
 GET / 200 in 74ms
 GET / 200 in 75ms
 GET / 200 in 74ms
 GET / 200 in 82ms
 GET / 200 in 75ms
 GET / 200 in 78ms
 GET / 200 in 78ms
 GET / 200 in 86ms
 GET / 200 in 78ms
 GET / 200 in 78ms
 GET / 200 in 73ms
 GET / 200 in 73ms
 GET / 200 in 77ms
 GET / 200 in 80ms
 GET / 200 in 75ms
 GET / 200 in 87ms
 GET / 200 in 74ms
 GET / 200 in 74ms
 GET / 200 in 74ms
 GET / 200 in 77ms
 GET / 200 in 75ms
 GET / 200 in 75ms
 GET / 200 in 76ms
 GET / 200 in 80ms
 GET / 200 in 76ms
 GET / 200 in 79ms
 GET / 200 in 77ms
 GET / 200 in 77ms
 GET / 200 in 77ms
 GET / 200 in 77ms
 GET / 200 in 79ms
 GET / 200 in 75ms
 GET / 200 in 79ms
 GET / 200 in 77ms
 GET / 200 in 80ms
 GET / 200 in 77ms
 GET / 200 in 78ms
 GET / 200 in 74ms
 GET / 200 in 74ms
 GET / 200 in 79ms
 GET / 200 in 75ms
 GET / 200 in 79ms
 GET / 200 in 80ms
 GET / 200 in 74ms
 GET / 200 in 79ms
 GET / 200 in 76ms
 GET / 200 in 76ms
 GET / 200 in 76ms
 GET / 200 in 78ms
 GET / 200 in 77ms
 GET / 200 in 75ms
 GET / 200 in 79ms
 GET / 200 in 76ms
 GET / 200 in 77ms
 GET / 200 in 78ms
 GET / 200 in 78ms
 GET / 200 in 77ms
 GET / 200 in 84ms
 GET / 200 in 85ms
 GET / 200 in 84ms
 GET / 200 in 82ms
 GET / 200 in 81ms
 GET / 200 in 81ms
 GET / 200 in 79ms
 GET / 200 in 79ms
 GET / 200 in 82ms
 GET / 200 in 83ms
 GET / 200 in 80ms
 GET / 200 in 82ms
 GET / 200 in 80ms
 GET / 200 in 80ms
 GET / 200 in 83ms
 GET / 200 in 84ms
 GET / 200 in 81ms
 GET / 200 in 81ms
 GET / 200 in 81ms
 GET / 200 in 82ms
 GET / 200 in 82ms
 GET / 200 in 81ms
 GET / 200 in 79ms
 GET / 200 in 84ms
 GET / 200 in 84ms
 GET / 200 in 81ms
 GET / 200 in 96ms
 GET / 200 in 80ms
 GET / 200 in 81ms
 GET / 200 in 82ms
 GET / 200 in 81ms
 GET / 200 in 82ms
 GET / 200 in 82ms
 GET / 200 in 80ms
 GET / 200 in 81ms
 GET / 200 in 82ms
 GET / 200 in 83ms
 GET / 200 in 79ms
 GET / 200 in 88ms
 GET / 200 in 83ms
 GET / 200 in 80ms
 GET / 200 in 82ms
 GET / 200 in 86ms
 GET / 200 in 84ms
 GET / 200 in 80ms
 GET / 200 in 81ms
 GET / 200 in 91ms
 GET / 200 in 83ms
 GET / 200 in 82ms
 GET / 200 in 83ms
 GET / 200 in 82ms
 GET / 200 in 81ms
 GET / 200 in 82ms
 GET / 200 in 79ms
 GET / 200 in 79ms
 GET / 200 in 80ms
 GET / 200 in 81ms
 GET / 200 in 81ms
 GET / 200 in 80ms
 GET / 200 in 82ms
 GET / 200 in 80ms
 GET / 200 in 80ms
 GET / 200 in 80ms
 GET / 200 in 83ms
 GET / 200 in 81ms
 GET / 200 in 84ms
 GET / 200 in 82ms
 GET / 200 in 82ms
 GET / 200 in 82ms
 GET / 200 in 86ms
 GET / 200 in 94ms
 GET / 200 in 80ms
 GET / 200 in 81ms
 GET / 200 in 81ms
 GET / 200 in 81ms
 GET / 200 in 82ms
 GET / 200 in 82ms
 GET / 200 in 82ms
 GET / 200 in 82ms
 GET / 200 in 80ms
 GET / 200 in 80ms
 GET / 200 in 90ms
 GET / 200 in 81ms
 GET / 200 in 81ms
 GET / 200 in 81ms
 GET / 200 in 90ms
 GET / 200 in 82ms
 GET / 200 in 80ms
 GET / 200 in 83ms
 GET / 200 in 80ms
 GET / 200 in 81ms
 GET / 200 in 84ms
 GET / 200 in 81ms
 GET / 200 in 94ms
 GET / 200 in 84ms
 GET / 200 in 82ms
 GET / 200 in 82ms
 GET / 200 in 88ms
 GET / 200 in 79ms
 GET / 200 in 80ms
 GET / 200 in 80ms
 GET / 200 in 83ms
 GET / 200 in 84ms
 GET / 200 in 81ms
 GET / 200 in 86ms
 GET / 200 in 79ms
 GET / 200 in 81ms
 GET / 200 in 85ms
 GET / 200 in 83ms
 GET / 200 in 82ms
 GET / 200 in 83ms
 GET / 200 in 80ms
 GET / 200 in 84ms
 GET / 200 in 83ms
 GET / 200 in 82ms
 GET / 200 in 80ms
 GET / 200 in 89ms
 GET / 200 in 94ms
 GET / 200 in 82ms
 GET / 200 in 84ms
 GET / 200 in 82ms
 GET / 200 in 79ms
 GET / 200 in 82ms
 GET / 200 in 81ms
 GET / 200 in 79ms
 GET / 200 in 80ms
 GET / 200 in 82ms
 GET / 200 in 80ms
 GET / 200 in 82ms
 GET / 200 in 81ms
 GET / 200 in 80ms
 GET / 200 in 81ms
 GET / 200 in 84ms
 GET / 200 in 81ms
 GET / 200 in 81ms
 GET / 200 in 81ms
 GET / 200 in 85ms
 GET / 200 in 81ms
 GET / 200 in 85ms
 GET / 200 in 83ms
 GET / 200 in 85ms
 GET / 200 in 85ms
 GET / 200 in 84ms
 GET / 200 in 82ms
 GET / 200 in 81ms
 GET / 200 in 80ms
 GET / 200 in 79ms
 GET / 200 in 81ms
 GET / 200 in 79ms
 GET / 200 in 81ms
 GET / 200 in 83ms
 GET / 200 in 79ms
 GET / 200 in 82ms
 GET / 200 in 81ms
 GET / 200 in 83ms
 GET / 200 in 80ms
 GET / 200 in 88ms
 GET / 200 in 81ms
 GET / 200 in 82ms
 GET / 200 in 80ms
 GET / 200 in 79ms
 GET / 200 in 81ms
 GET / 200 in 83ms
 GET / 200 in 80ms
 GET / 200 in 83ms
 GET / 200 in 146ms
 GET / 200 in 90ms
 GET / 200 in 85ms
 GET / 200 in 97ms
 GET / 200 in 80ms
 GET / 200 in 153ms
 GET / 200 in 96ms
 GET / 200 in 176ms
 GET / 200 in 90ms
 GET / 200 in 94ms
 GET / 200 in 107ms
 ✓ Compiled in 1441ms (828 modules)
 GET /properties/30848632-7d5a-4b21-b4a0-38d12f40a803 200 in 354ms
 GET /properties/30848632-7d5a-4b21-b4a0-38d12f40a803 200 in 352ms
 ✓ Compiled in 1130ms (828 modules)
 GET /properties/30848632-7d5a-4b21-b4a0-38d12f40a803 200 in 254ms
 ✓ Compiled in 860ms (828 modules)
 GET /properties/30848632-7d5a-4b21-b4a0-38d12f40a803 200 in 175ms
 GET /properties/30848632-7d5a-4b21-b4a0-38d12f40a803 200 in 339ms
 GET /properties/30848632-7d5a-4b21-b4a0-38d12f40a803 200 in 153ms
 GET /properties/30848632-7d5a-4b21-b4a0-38d12f40a803 200 in 134ms
 ✓ Compiled in 1225ms (828 modules)
 GET /properties/30848632-7d5a-4b21-b4a0-38d12f40a803 200 in 185ms
 GET /properties/30848632-7d5a-4b21-b4a0-38d12f40a803 200 in 277ms
Failed to proxy http://127.0.0.1:8000/api/v1/properties/30848632-7d5a-4b21-b4a0-38d12f40a803/pipeline/run [Error: socket hang up] { code: 'ECONNRESET' }
[Error: socket hang up] { code: 'ECONNRESET' }
 ○ Compiling /_error ...
 ✓ Compiled /_error in 856ms (910 modules)
 GET /properties/30848632-7d5a-4b21-b4a0-38d12f40a803 200 in 496ms
 ○ Compiling /alerts ...
 ✓ Compiled /alerts in 1378ms (835 modules)
 GET /alerts 200 in 2107ms
 ○ Compiling /settings ...
 ✓ Compiled /settings in 692ms (842 modules)
 GET /settings 200 in 1262ms
 ○ Compiling /comparison ...
 ✓ Compiled /comparison in 896ms (849 modules)
 GET /comparison 200 in 1288ms
 GET /properties 200 in 152ms
 GET /properties/30848632-7d5a-4b21-b4a0-38d12f40a803 200 in 208ms
 ✓ Compiled in 1609ms (837 modules)
 GET /properties/30848632-7d5a-4b21-b4a0-38d12f40a803 200 in 269ms
 ✓ Compiled in 1379ms (837 modules)
 GET /properties/30848632-7d5a-4b21-b4a0-38d12f40a803 200 in 244ms
 GET /properties/30848632-7d5a-4b21-b4a0-38d12f40a803 200 in 273ms
Failed to proxy http://127.0.0.1:8000/api/v1/properties/30848632-7d5a-4b21-b4a0-38d12f40a803 Error: connect ECONNREFUSED 127.0.0.1:8000
    at <unknown> (Error: connect ECONNREFUSED 127.0.0.1:8000) {
  errno: -4078,
  code: 'ECONNREFUSED',
  syscall: 'connect',
  address: '127.0.0.1',
  port: 8000
}
Error: connect ECONNREFUSED 127.0.0.1:8000
    at <unknown> (Error: connect ECONNREFUSED 127.0.0.1:8000) {
  errno: -4078,
  code: 'ECONNREFUSED',
  syscall: 'connect',
  address: '127.0.0.1',
  port: 8000
}
Failed to proxy http://127.0.0.1:8000/api/v1/watchlist Error: connect ECONNREFUSED 127.0.0.1:8000
    at <unknown> (Error: connect ECONNREFUSED 127.0.0.1:8000) {
  errno: -4078,
  code: 'ECONNREFUSED',
  syscall: 'connect',
  address: '127.0.0.1',
  port: 8000
}
Error: connect ECONNREFUSED 127.0.0.1:8000
    at <unknown> (Error: connect ECONNREFUSED 127.0.0.1:8000) {
  errno: -4078,
  code: 'ECONNREFUSED',
  syscall: 'connect',
  address: '127.0.0.1',
  port: 8000
}
 ○ Compiling /_error ...
 ✓ Compiled /_error in 917ms (933 modules)
 GET /properties/30848632-7d5a-4b21-b4a0-38d12f40a803 200 in 204ms
^C